\set ECHO none
psql:sql/99-patches.sql:60: INFO:  Applying patch BDE - 1.0.2: Remove annotations column from bde.crs_work
ok 1 - Schema bde should exist
ok 2 - Role bde_dba should exist
ok 3 - Role bde_admin should exist
ok 4 - Role bde_user should exist
ok 5 - Table bde.cbe_title_parcel_association should exist
ok 6 - Table bde.crs_action should exist
ok 7 - Table bde.crs_action_type should exist
ok 8 - Table bde.crs_adj_obs_change should exist
ok 9 - Table bde.crs_adj_user_coef should exist
ok 10 - Table bde.crs_adjust_coef should exist
ok 11 - Table bde.crs_adjust_method should exist
ok 12 - Table bde.crs_adjustment_run should exist
ok 13 - Table bde.crs_adoption should exist
ok 14 - Table bde.crs_affected_parcl should exist
ok 15 - Table bde.crs_alias should exist
ok 16 - Table bde.crs_appellation should exist
ok 17 - Table bde.crs_comprised_in should exist
ok 18 - Table bde.crs_coordinate should exist
ok 19 - Table bde.crs_coordinate_sys should exist
ok 20 - Table bde.crs_coordinate_tpe should exist
ok 21 - Table bde.crs_cor_precision should exist
ok 22 - Table bde.crs_cord_order should exist
ok 23 - Table bde.crs_datum should exist
ok 24 - Table bde.crs_elect_place should exist
ok 25 - Table bde.crs_ellipsoid should exist
ok 26 - Table bde.crs_enc_share should exist
ok 27 - Table bde.crs_encumbrance should exist
ok 28 - Table bde.crs_encumbrancee should exist
ok 29 - Table bde.crs_estate_share should exist
ok 30 - Table bde.crs_feature_name should exist
ok 31 - Table bde.crs_geodetic_network should exist
ok 32 - Table bde.crs_geodetic_node_network should exist
ok 33 - Table bde.crs_image should exist
ok 34 - Table bde.crs_image_history should exist
ok 35 - Table bde.crs_land_district should exist
ok 36 - Table bde.crs_legal_desc should exist
ok 37 - Table bde.crs_legal_desc_prl should exist
ok 38 - Table bde.crs_line should exist
ok 39 - Table bde.crs_locality should exist
ok 40 - Table bde.crs_maintenance should exist
ok 41 - Table bde.crs_map_grid should exist
ok 42 - Table bde.crs_mark should exist
ok 43 - Table bde.crs_mark_name should exist
ok 44 - Table bde.crs_mark_sup_doc should exist
ok 45 - Table bde.crs_mesh_blk should exist
ok 46 - Table bde.crs_mesh_blk_area should exist
ok 47 - Table bde.crs_mesh_blk_bdry should exist
ok 48 - Table bde.crs_mesh_blk_line should exist
ok 49 - Table bde.crs_mesh_blk_place should exist
ok 50 - Table bde.crs_mrk_phys_state should exist
ok 51 - Table bde.crs_network_plan should exist
ok 52 - Table bde.crs_node should exist
ok 53 - Table bde.crs_node_prp_order should exist
ok 54 - Table bde.crs_node_works should exist
ok 55 - Table bde.crs_nominal_index should exist
ok 56 - Table bde.crs_obs_accuracy should exist
ok 57 - Table bde.crs_obs_elem_type should exist
ok 58 - Table bde.crs_obs_set should exist
ok 59 - Table bde.crs_obs_type should exist
ok 60 - Table bde.crs_observation should exist
ok 61 - Table bde.crs_off_cord_sys should exist
ok 62 - Table bde.crs_office should exist
ok 63 - Table bde.crs_ordinate_adj should exist
ok 64 - Table bde.crs_ordinate_type should exist
ok 65 - Table bde.crs_parcel should exist
ok 66 - Table bde.crs_parcel_bndry should exist
ok 67 - Table bde.crs_parcel_dimen should exist
ok 68 - Table bde.crs_parcel_label should exist
ok 69 - Table bde.crs_parcel_ring should exist
ok 70 - Table bde.crs_programme should exist
ok 71 - Table bde.crs_proprietor should exist
ok 72 - Table bde.crs_reduct_meth should exist
ok 73 - Table bde.crs_reduct_run should exist
ok 74 - Table bde.crs_ref_survey should exist
ok 75 - Table bde.crs_road_ctr_line should exist
ok 76 - Table bde.crs_road_name should exist
ok 77 - Table bde.crs_road_name_asc should exist
ok 78 - Table bde.crs_setup should exist
ok 79 - Table bde.crs_site should exist
ok 80 - Table bde.crs_site_locality should exist
ok 81 - Table bde.crs_stat_act_parcl should exist
ok 82 - Table bde.crs_stat_version should exist
ok 83 - Table bde.crs_statist_area should exist
ok 84 - Table bde.crs_statute should exist
ok 85 - Table bde.crs_statute_action should exist
ok 86 - Table bde.crs_street_address should exist
ok 87 - Table bde.crs_sur_admin_area should exist
ok 88 - Table bde.crs_sur_plan_ref should exist
ok 89 - Table bde.crs_survey should exist
ok 90 - Table bde.crs_survey_image should exist
ok 91 - Table bde.crs_sys_code should exist
ok 92 - Table bde.crs_sys_code_group should exist
ok 93 - Table bde.crs_title should exist
ok 94 - Table bde.crs_title_action should exist
ok 95 - Table bde.crs_title_doc_ref should exist
ok 96 - Table bde.crs_title_estate should exist
ok 97 - Table bde.crs_title_mem_text should exist
ok 98 - Table bde.crs_title_memorial should exist
ok 99 - Table bde.crs_topology_class should exist
ok 100 - Table bde.crs_transact_type should exist
ok 101 - Table bde.crs_ttl_enc should exist
ok 102 - Table bde.crs_ttl_hierarchy should exist
ok 103 - Table bde.crs_ttl_inst should exist
ok 104 - Table bde.crs_ttl_inst_title should exist
ok 105 - Table bde.crs_unit_of_meas should exist
ok 106 - Table bde.crs_user should exist
ok 107 - Table bde.crs_vector should exist
ok 108 - Table bde.crs_vertx_sequence should exist
ok 109 - Table bde.crs_work should exist
ok 110 - Function bde.bde_get_app_specific() should exist
ok 111 - Function bde.bde_get_charcode() should exist
ok 112 - Function bde.bde_get_dataset() should exist
ok 113 - Function bde.bde_get_datasource() should exist
ok 114 - Function bde.bde_get_desccode() should exist
ok 115 - Function bde.bde_get_district() should exist
ok 116 - Function bde.bde_get_mrknodename() should exist
ok 117 - Function bde.bde_get_markname() should exist
ok 118 - Function bde.bde_get_nodename() should exist
ok 119 - Function bde.bde_get_nodename() should exist
ok 120 - Function bde.bde_get_nodeorder() should exist
ok 121 - Function bde.bde_get_office() should exist
ok 122 - Function bde.bde_get_roadname() should exist
ok 123 - Function bde.bde_get_trtcode() should exist
ok 124 - Function bde.bde_get_username() should exist
ok 125 - Function bde.bde_get_useroff() should exist
ok 126 - Function bde.bde_write_appellation() should exist
ok 127 - Function bde.bde_get_combined_appellation() should exist
ok 128 - Function bde.bde_get_par_stat_act() should exist
ok 129 - Function bde.bde_getnearnodes() should exist
ok 130 - Function bde.bde_drop_idle_connections() should exist
ok 131 - Function bde.bde_version() should exist
ok 132 - Index fk_app_par should exist
ok 133 - Index shx_epl_shape should exist
ok 134 - Index shx_fen_shape should exist
ok 135 - Index shx_ldt_shape should exist
ok 136 - Index shx_lin_shape should exist
ok 137 - Index shx_loc_shape should exist
ok 138 - Index shx_map_shape should exist
ok 139 - Index fk_mkn_mrk should exist
ok 140 - Index shx_mbk_shape should exist
ok 141 - Index shx_mbl_shape should exist
ok 142 - Index shx_nod_shape should exist
ok 143 - Index shx_ocs_shape should exist
ok 144 - Index shx_par_shape should exist
ok 145 - Index shx_plb_shape should exist
ok 146 - Index shx_rcl_shape should exist
ok 147 - Index fk_sap_sta should exist
ok 148 - Index fk_sap_par should exist
ok 149 - Index shx_stt_shape should exist
ok 150 - Index shx_sad_shape should exist
ok 151 - Index shx_spf_shape should exist
ok 152 - Index fk_sco_scg should exist
ok 153 - Index fk_sco_scg_code should exist
ok 154 - Index shx_vct_shape should exist
1..154
